// Jest Snapshot v1, https://goo.gl/fbAQLP

exports[`FlatButton.vue renders correctly 1`] = `<router-link-stub class="flat-button"></router-link-stub>`;
