// Jest Snapshot v1, https://goo.gl/fbAQLP

exports[`LoadMoreButton.vue renders correctly 1`] = `
<button class="mx-auto block my-6 p-3 text-gray-500 hover:text-gray-600 border rounded border-gray-500 hover:border-gray-600">
  Load More
</button>
`;
