// Jest Snapshot v1, https://goo.gl/fbAQLP

exports[`Loader.vue renders correctly 1`] = `<img src="../assets/loader.svg" class="mx-auto">`;
